../Core/Src/main.c:98:5:main	96	static
../Core/Src/main.c:232:6:SystemClock_Config	88	static
../Core/Src/main.c:279:6:test_stim	8	static
../Core/Src/main.c:298:6:test_bin	1480	dynamic
../Core/Src/main.c:351:6:get_frameTR	1448	static
../Core/Src/main.c:389:6:get_frameSS	2920	dynamic
../Core/Src/main.c:481:6:get_frameAlternate	2944	dynamic
../Core/Src/main.c:601:6:sendBuffer	40	static
../Core/Src/main.c:625:6:getXframes	24	static
../Core/Src/main.c:631:6:getXframesTdelay	24	static
../Core/Src/main.c:644:6:Error_Handler	4	static,ignoring_inline_asm
